// Jest Snapshot v1, https://goo.gl/fbAQLP

exports[`Test on <GifItem /> Must match with snapshot 1`] = `
<div>
  <div
    class="card"
  >
    <img
      alt="One Punch"
      src="https://onepunch/saitama.png"
    />
    <p>
      One Punch
    </p>
  </div>
</div>
`;
