// Jest Snapshot v1, https://goo.gl/fbAQLP

exports[`Test on <SearchPage /> should display the default state 1`] = `
<div>
  <h1>
    Search
  </h1>
  <hr />
  <div
    class="row"
  >
    <div
      class="col-5"
    >
      <h4>
        Search Hero
      </h4>
      <hr />
      <form
        aria-label="form"
      >
        <input
          autocomplete="off"
          class="form-control"
          name="searchHero"
          placeholder="Search a hero"
          type="text"
          value=""
        />
        <button
          class="btn btn-outline-primary mt-1"
        >
          Search
        </button>
      </form>
    </div>
    <div
      class="col-7"
    >
      <h4>
        Results
      </h4>
      <hr />
      <div
        class="alert alert-primary"
      >
        search a hero
      </div>
      <div
        aria-label="alert"
        class="alert alert-danger"
        style="display: none;"
      >
        There's not hero 
        <b />
      </div>
    </div>
  </div>
</div>
`;
